{
  "@type" : "schema",
  "definitions" : [ {
    "@type" : "definition",
    "name" : "tenant/organization",
    "relations" : [ {
      "@type" : "relation",
      "name" : "admin",
      "expression" : {
        "@type" : "ref",
        "ref" : "tenant/user"
      }
    } ],
    "permissions" : [ {
      "@type" : "permission",
      "name" : "read_all_docs",
      "expression" : {
        "@type" : "ref",
        "ref" : "admin"
      }
    } ]
  }, {
    "@type" : "definition",
    "name" : "tenant/folder",
    "relations" : [ {
      "@type" : "relation",
      "name" : "parent",
      "expression" : {
        "@type" : "or",
        "left" : {
          "@type" : "ref",
          "ref" : "tenant/folder"
        },
        "right" : {
          "@type" : "ref",
          "ref" : "tenant/organization"
        }
      }
    }, {
      "@type" : "relation",
      "name" : "reader",
      "expression" : {
        "@type" : "ref",
        "ref" : "tenant/user"
      }
    } ],
    "permissions" : [ {
      "@type" : "permission",
      "name" : "read_all_docs",
      "expression" : {
        "@type" : "union",
        "left" : {
          "@type" : "ref",
          "ref" : "reader"
        },
        "right" : {
          "@type" : "walk",
          "refs" : [ "parent", "read_all_docs" ]
        }
      }
    } ]
  }, {
    "@type" : "definition",
    "name" : "tenant/document",
    "relations" : [ {
      "@type" : "relation",
      "name" : "parent",
      "expression" : {
        "@type" : "or",
        "left" : {
          "@type" : "ref",
          "ref" : "tenant/folder"
        },
        "right" : {
          "@type" : "ref",
          "ref" : "tenant/organization"
        }
      }
    }, {
      "@type" : "relation",
      "name" : "reader",
      "expression" : {
        "@type" : "ref",
        "ref" : "tenant/user"
      }
    } ],
    "permissions" : [ {
      "@type" : "permission",
      "name" : "view",
      "expression" : {
        "@type" : "union",
        "left" : {
          "@type" : "ref",
          "ref" : "reader"
        },
        "right" : {
          "@type" : "walk",
          "refs" : [ "parent", "read_all_docs" ]
        }
      }
    } ]
  }, {
    "@type" : "definition",
    "name" : "tenant/user"
  } ]
}